<?xml version="1.0" encoding="UTF-8"?>
<testsuites name="Mocha Tests" time="47.9030" tests="2" failures="1">
  <testsuite name="Root Suite" timestamp="2020-09-03T09:10:57" tests="0" time="0.0000" failures="0">
  </testsuite>
  <testsuite name="Lineitem Creation" timestamp="2020-09-03T09:10:57" tests="2" time="47.9030" failures="1">
    <testcase name="Lineitem Creation 라인아이템 생성 확인 {&quot;RevenueType&quot;:&quot;CPC&quot;,&quot;landingPoints&quot;:&quot;20&quot;,&quot;platformCode&quot;:&quot;3&quot;,&quot;CurrencyCode&quot;:&quot;KRW&quot;,&quot;totalBudget&quot;:&quot;1000000&quot;,&quot;dailyBudget&quot;:&quot;20&quot;,&quot;unitPrice&quot;:&quot;20&quot;,&quot;checkSafeBudget&quot;:&quot;N&quot;,&quot;safeBudget&quot;:&quot;0&quot;,&quot;checkReward&quot;:&quot;Y&quot;,&quot;rewardPeriod&quot;:&quot;180&quot;,&quot;actionInterval&quot;:&quot;n/a&quot;,&quot;packageName&quot;:&quot;n/a&quot;,&quot;URLScheme&quot;:&quot;n/a&quot;,&quot;launchPackage&quot;:&quot;n/a&quot;,&quot;integrationType&quot;:&quot;n/a&quot;,&quot;appId&quot;:&quot;n/a&quot;,&quot;thirdPartyTracker&quot;:&quot;n/a&quot;,&quot;eventName&quot;:&quot;n/a&quot;,&quot;landingType&quot;:&quot;Browser&quot;,&quot;facebooklink&quot;:&quot;n/a&quot;,&quot;facebookid&quot;:&quot;n/a&quot;,&quot;secondLandingUrl&quot;:&quot;n/a&quot;,&quot;instagramId&quot;:&quot;n/a&quot;,&quot;kakaoChnnel&quot;:&quot;n/a&quot;,&quot;chnnelId&quot;:&quot;n/a&quot;,&quot;shoppingCategory&quot;:&quot;n/a&quot;,&quot;originalPrice&quot;:&quot;n/a&quot;,&quot;discountedPrice&quot;:&quot;n/a&quot;,&quot;hot&quot;:&quot;n/a&quot;}" time="21.6030" classname="라인아이템 생성 확인 {&quot;RevenueType&quot;:&quot;CPC&quot;,&quot;landingPoints&quot;:&quot;20&quot;,&quot;platformCode&quot;:&quot;3&quot;,&quot;CurrencyCode&quot;:&quot;KRW&quot;,&quot;totalBudget&quot;:&quot;1000000&quot;,&quot;dailyBudget&quot;:&quot;20&quot;,&quot;unitPrice&quot;:&quot;20&quot;,&quot;checkSafeBudget&quot;:&quot;N&quot;,&quot;safeBudget&quot;:&quot;0&quot;,&quot;checkReward&quot;:&quot;Y&quot;,&quot;rewardPeriod&quot;:&quot;180&quot;,&quot;actionInterval&quot;:&quot;n/a&quot;,&quot;packageName&quot;:&quot;n/a&quot;,&quot;URLScheme&quot;:&quot;n/a&quot;,&quot;launchPackage&quot;:&quot;n/a&quot;,&quot;integrationType&quot;:&quot;n/a&quot;,&quot;appId&quot;:&quot;n/a&quot;,&quot;thirdPartyTracker&quot;:&quot;n/a&quot;,&quot;eventName&quot;:&quot;n/a&quot;,&quot;landingType&quot;:&quot;Browser&quot;,&quot;facebooklink&quot;:&quot;n/a&quot;,&quot;facebookid&quot;:&quot;n/a&quot;,&quot;secondLandingUrl&quot;:&quot;n/a&quot;,&quot;instagramId&quot;:&quot;n/a&quot;,&quot;kakaoChnnel&quot;:&quot;n/a&quot;,&quot;chnnelId&quot;:&quot;n/a&quot;,&quot;shoppingCategory&quot;:&quot;n/a&quot;,&quot;originalPrice&quot;:&quot;n/a&quot;,&quot;discountedPrice&quot;:&quot;n/a&quot;,&quot;hot&quot;:&quot;n/a&quot;}">
    </testcase>
    <testcase name="Lineitem Creation 라인아이템 생성 확인 {&quot;RevenueType&quot;:&quot;CPC&quot;,&quot;landingPoints&quot;:&quot;8&quot;,&quot;platformCode&quot;:&quot;3&quot;,&quot;CurrencyCode&quot;:&quot;KRW&quot;,&quot;totalBudget&quot;:&quot;1000000&quot;,&quot;dailyBudget&quot;:&quot;8&quot;,&quot;unitPrice&quot;:&quot;8&quot;,&quot;checkSafeBudget&quot;:&quot;N&quot;,&quot;safeBudget&quot;:&quot;0&quot;,&quot;checkReward&quot;:&quot;Y&quot;,&quot;rewardPeriod&quot;:&quot;180&quot;,&quot;actionInterval&quot;:&quot;n/a&quot;,&quot;packageName&quot;:&quot;n/a&quot;,&quot;URLScheme&quot;:&quot;n/a&quot;,&quot;launchPackage&quot;:&quot;n/a&quot;,&quot;integrationType&quot;:&quot;n/a&quot;,&quot;appId&quot;:&quot;n/a&quot;,&quot;thirdPartyTracker&quot;:&quot;n/a&quot;,&quot;eventName&quot;:&quot;n/a&quot;,&quot;landingType&quot;:&quot;Browser&quot;,&quot;facebooklink&quot;:&quot;n/a&quot;,&quot;facebookid&quot;:&quot;n/a&quot;,&quot;secondLandingUrl&quot;:&quot;n/a&quot;,&quot;instagramId&quot;:&quot;n/a&quot;,&quot;kakaoChnnel&quot;:&quot;n/a&quot;,&quot;chnnelId&quot;:&quot;n/a&quot;,&quot;shoppingCategory&quot;:&quot;n/a&quot;,&quot;originalPrice&quot;:&quot;n/a&quot;,&quot;discountedPrice&quot;:&quot;n/a&quot;,&quot;hot&quot;:&quot;n/a&quot;}" time="26.3000" classname="라인아이템 생성 확인 {&quot;RevenueType&quot;:&quot;CPC&quot;,&quot;landingPoints&quot;:&quot;8&quot;,&quot;platformCode&quot;:&quot;3&quot;,&quot;CurrencyCode&quot;:&quot;KRW&quot;,&quot;totalBudget&quot;:&quot;1000000&quot;,&quot;dailyBudget&quot;:&quot;8&quot;,&quot;unitPrice&quot;:&quot;8&quot;,&quot;checkSafeBudget&quot;:&quot;N&quot;,&quot;safeBudget&quot;:&quot;0&quot;,&quot;checkReward&quot;:&quot;Y&quot;,&quot;rewardPeriod&quot;:&quot;180&quot;,&quot;actionInterval&quot;:&quot;n/a&quot;,&quot;packageName&quot;:&quot;n/a&quot;,&quot;URLScheme&quot;:&quot;n/a&quot;,&quot;launchPackage&quot;:&quot;n/a&quot;,&quot;integrationType&quot;:&quot;n/a&quot;,&quot;appId&quot;:&quot;n/a&quot;,&quot;thirdPartyTracker&quot;:&quot;n/a&quot;,&quot;eventName&quot;:&quot;n/a&quot;,&quot;landingType&quot;:&quot;Browser&quot;,&quot;facebooklink&quot;:&quot;n/a&quot;,&quot;facebookid&quot;:&quot;n/a&quot;,&quot;secondLandingUrl&quot;:&quot;n/a&quot;,&quot;instagramId&quot;:&quot;n/a&quot;,&quot;kakaoChnnel&quot;:&quot;n/a&quot;,&quot;chnnelId&quot;:&quot;n/a&quot;,&quot;shoppingCategory&quot;:&quot;n/a&quot;,&quot;originalPrice&quot;:&quot;n/a&quot;,&quot;discountedPrice&quot;:&quot;n/a&quot;,&quot;hot&quot;:&quot;n/a&quot;}">
      <failure message="Element &quot;body &gt; div &gt; section &gt; div &gt; div.view-container &gt; div &gt; section.content-container &gt; div &gt; div.row.form__containter &gt; div.col-sm-7 &gt; div &gt; div &gt; div:nth-child(2) &gt; div &gt; div.value&quot; was not found by text|CSS|XPath" type="Error"><![CDATA[Element "body > div > section > div > div.view-container > div > section.content-container > div > div.row.form__containter > div.col-sm-7 > div > div > div:nth-child(2) > div > div.value" was not found by text|CSS|XPath

Scenario Steps:

- I.grabTextFrom("body > div > section > div > div.view-container > div > section.content-container > div > div.row.form__containter > div.col-sm-7 > div > div > div:nth-child(2) > div > div.value") at Object.checkRevenueType (tests\testSteps\properity_test.js:26:44)
- I.amOnPage("https://dashboard-stagingqa.buzzvil.com/campaign/direct_sales/ads//detail") at Object.moveToLineitemDetailPage (tests\testSteps\login_test.js:31:12)
- I.grabCurrentUrl() at Object.moveToLineitemDetailPage (tests\testSteps\login_test.js:28:29)
- I.wait(3) at Object.moveToLineitemDetailPage (tests\testSteps\login_test.js:27:12)
- I.click("Save") at Object.clickSave (tests\testSteps\tearDown_test.js:5:14)
- I.pressKey(["Enter"]) at Object.includeGroup (tests\testSteps\placement_test.js:10:14)
- I.wait(3) at Object.includeGroup (tests\testSteps\placement_test.js:8:14)
- I.fillField("#adForm > div > div:nth-child(5) > div > div > div > div > div.group-unit__container > div:nth-child(2) > div > div > div.multiselect__tags > input", "Test_Unit_Group_Brad_AOS") at Object.includeGroup (tests\testSteps\placement_test.js:7:14)
- I.uncheckOption("#adForm > div > div:nth-child(4) > div > div > div.col-sm-12.col-md-5 > div > div > div:nth-child(5) > div > div.togglable__toggle > input[type=checkbox]") at Object.cpu (tests\testSteps\allocation_test.js:64:16)
- I.uncheckOption("#adForm > div > div:nth-child(4) > div > div > div.col-sm-12.col-md-5 > div > div > div:nth-child(4) > div > div.togglable__toggle > input[type=checkbox]") at Object.ipu (tests\testSteps\allocation_test.js:54:16)
- I.fillField("display_weight", ) at Object.displayWeight (tests\testSteps\allocation_test.js:36:16)
- I.checkOption("#adForm > div > div:nth-child(4) > div > div > div.col-sm-12.col-md-5 > div > div > div:nth-child(3) > div > div.togglable__toggle > input[type=checkbox]") at Object.displayWeight (tests\testSteps\allocation_test.js:35:16)
- I.click("#adForm > div > div:nth-child(4) > div > div > div.col-sm-12.col-md-5 > div > div > div:nth-child(2) > div:nth-child(2) > label") at Object.displayType (tests\testSteps\allocation_test.js:27:18)
- I.fillField("reward_period", "180") at Object.setReward (tests\testSteps\budget_test.js:65:18)
- I.fillField("#adForm > div > div:nth-child(3) > div > div:nth-child(3) > div > div:nth-child(7) > div.input-group > input", "8") at Object.setReward (tests\testSteps\budget_test.js:50:16)
- I.grabTextFrom("#adForm > div > div:nth-child(3) > div > div:nth-child(3) > div > div:nth-child(6) > div:nth-child(2) > label > span", "span") at Object.setReward (tests\testSteps\budget_test.js:43:44)
- I.uncheckOption("#adForm > div > div:nth-child(3) > div > div:nth-child(3) > div > div:nth-child(5) > div > div.togglable__toggle > input[type=checkbox]") at Object.setSafeBudget (tests\testSteps\budget_test.js:36:16)
- I.fillField("#adForm > div > div:nth-child(3) > div > div:nth-child(3) > div > div:nth-child(4) > div.input-group > input", 8) at Object.setBudget (tests\testSteps\budget_test.js:26:14)
- I.fillField("#adForm > div > div:nth-child(3) > div > div:nth-child(3) > div > div:nth-child(3) > div.input-group > input", 8) at Object.setBudget (tests\testSteps\budget_test.js:24:14)
- I.fillField("#adForm > div > div:nth-child(3) > div > div:nth-child(3) > div > div:nth-child(2) > div.input-group > input", 1000000) at Object.setBudget (tests\testSteps\budget_test.js:22:14)
- I.click("#adForm > div > div:nth-child(3) > div > div:nth-child(2) > div > div > div.multiselect.multiselect-wrapper.shrink > div.multiselect__tags") at Object.setCurrency (tests\testSteps\budget_test.js:8:36)
- I.click("Android & iOS") at Object.setPlatform (tests\testSteps\properity_test.js:62:16)
- I.pressKey("Enter") at Object.revenueType (tests\testSteps\properity_test.js:22:20)
- I.wait(1) at Object.revenueType (tests\testSteps\properity_test.js:21:20)
- I.fillField("#adForm > div > div:nth-child(2) > div > div > div > div:nth-child(3) > div.multiselect.multiselect-wrapper.shrink > div.multiselect__tags > input", "CPC") at Object.revenueType (tests\testSteps\properity_test.js:20:20)
- I.fillField("item_name", "CPC_Regression_Test") at Object.name (tests\testSteps\properity_test.js:7:14)
- I.click("body > div > section > div > div.view-container > div > section.header > div > div > div > div > div > a:nth-child(2)") at Object.movetoAds (tests\testSteps\login_test.js:17:12)
- I.click("body > div > section > div > div.view-container > div > section.header > div > div > div > button > span") at Object.movetoAds (tests\testSteps\login_test.js:16:12)
- I.waitForElement("body > div > section > div > div.view-container > div > section.header > div > div > div > button > span", 5) at Object.movetoAds (tests\testSteps\login_test.js:15:12)
- I.click("body > div > form > div > button") at Object.clickSubmit (tests\testSteps\login_test.js:12:12)
- I.fillField("body > div > form > label:nth-child(3) > input", "@NGEqUCNt27jxPR") at Object.enterPassword (tests\testSteps\login_test.js:9:12)
- I.fillField("body > div > form > label:nth-child(2) > input", "bradley.cho@buzzvil.com") at Object.enterId (tests\testSteps\login_test.js:5:12)
- I.amOnPage("https://dashboard-stagingqa.buzzvil.com/campaign/direct_sales/ads/") at C:\Users\SungchanCho\Desktop\Git\DashSample\LineitemCreation\demo\test\step_definitions\DA_LineItemCreation_steps.js:21:11

]]></failure>
    </testcase>
  </testsuite>
</testsuites>